Building project at /tmp/touchmap-pitch-build-dhgplu85/build-sGnIJVqL...
[build] ran ohpm install --all (oh_modules was missing)
[build] /home/test123/command-line-tools/bin/hvigorw assembleHap --mode module -p product=openharmonyApi20 -p buildMode=debug --stacktrace --no-daemon
> hvigor [32mFinished :entry:clean... after 12 ms [39m
> hvigor [32mFinished :entry:default@PreBuild... after 464 ms [39m
> hvigor [32mFinished :entry:default@CreateModuleInfo... after 3 ms [39m
> hvigor [32mFinished :entry:default@GenerateMetadata... after 15 ms [39m
> hvigor [32mFinished :entry:default@ConfigureCmake... after 1 ms [39m
> hvigor [32mFinished :entry:default@MergeProfile... after 6 ms [39m
> hvigor [32mFinished :entry:default@CreateBuildProfile... after 3 ms [39m
> hvigor [32mFinished :entry:default@PreCheckSyscap... after 2 ms [39m
> hvigor [32mFinished :entry:default@GeneratePkgContextInfo... after 16 ms [39m
> hvigor [32mFinished :entry:default@ProcessIntegratedHsp... after 6 ms [39m
> hvigor [32mFinished :entry:default@BuildNativeWithCmake... after 1 ms [39m
> hvigor [32mFinished :entry:default@MakePackInfo... after 13 ms [39m
> hvigor [32mFinished :entry:default@ProcessProfile... after 155 ms [39m
> hvigor [32mFinished :entry:default@ProcessRouterMap... after 5 ms [39m
> hvigor [32mFinished :entry:default@ProcessStartupConfig... after 11 ms [39m
> hvigor [32mFinished :entry:default@BuildNativeWithNinja... after 4 ms [39m
> hvigor [32mFinished :entry:default@ProcessResource... after 5 ms [39m
> hvigor [32mFinished :entry:default@GenerateLoaderJson... after 34 ms [39m
> hvigor [32mFinished :entry:default@ProcessLibs... after 32 ms [39m
> hvigor [32mFinished :entry:default@CompileResource... after 472 ms [39m
> hvigor [32mFinished :entry:default@DoNativeStrip... after 4 ms [39m
> hvigor [32mFinished :entry:default@BuildJS... after 14 ms [39m
> hvigor [32mFinished :entry:default@SyscapTransform... after 109 ms [39m
> hvigor [32mFinished :entry:default@CacheNativeLibs... after 26 ms [39m
> hvigor [32m[33mWARN: [33m[33mArkTS:WARN File: /tmp/touchmap-pitch-build-dhgplu85/build-sGnIJVqL/entry/src/main/ets/platform/SystemPicker.ets:14:26
 Function may throw exceptions. Special handling is required.
[39m[39m
[33mWARN: [33m[33mArkTS:WARN File: /tmp/touchmap-pitch-build-dhgplu85/build-sGnIJVqL/entry/src/main/ets/platform/PackageExporter.ets:9:16
 Function may throw exceptions. Special handling is required.
[39m[39m
[33mWARN: [33m[33mArkTS:WARN File: /tmp/touchmap-pitch-build-dhgplu85/build-sGnIJVqL/entry/src/main/ets/platform/PackageExporter.ets:10:13
 Function may throw exceptions. Special handling is required.
[39m[39m
[33mWARN: [33m[33mArkTS:WARN File: /tmp/touchmap-pitch-build-dhgplu85/build-sGnIJVqL/entry/src/main/ets/platform/PackageExporter.ets:10:119
 Function may throw exceptions. Special handling is required.
[39m[39m
[33mWARN: [33m[33mArkTS:WARN File: /tmp/touchmap-pitch-build-dhgplu85/build-sGnIJVqL/entry/src/main/ets/platform/PackageExporter.ets:10:154
 Function may throw exceptions. Special handling is required.
[39m[39m
[33mWARN: [33m[33mArkTS:WARN File: /tmp/touchmap-pitch-build-dhgplu85/build-sGnIJVqL/entry/src/main/ets/platform/PackageExporter.ets:13:16
 Function may throw exceptions. Special handling is required.
[39m[39m
[33mWARN: [33m[33mArkTS:WARN File: /tmp/touchmap-pitch-build-dhgplu85/build-sGnIJVqL/entry/src/main/ets/platform/PackageExporter.ets:15:18
 Function may throw exceptions. Special handling is required.
[39m[39m
[33mWARN: [33m[33mArkTS:WARN File: /tmp/touchmap-pitch-build-dhgplu85/build-sGnIJVqL/entry/src/main/ets/platform/PackageExporter.ets:18:64
 Function may throw exceptions. Special handling is required.
[39m[39m
[33mWARN: [33m[33mArkTS:WARN File: /tmp/touchmap-pitch-build-dhgplu85/build-sGnIJVqL/entry/src/main/ets/platform/PackageExporter.ets:23:15
 Function may throw exceptions. Special handling is required.
[39m[39m
[33mWARN: [33m[33mArkTS:WARN File: /tmp/touchmap-pitch-build-dhgplu85/build-sGnIJVqL/entry/src/main/ets/platform/PackageExporter.ets:47:3
 Function may throw exceptions. Special handling is required.
[39m[39m
[33mWARN: [33m[33mArkTS:WARN File: /tmp/touchmap-pitch-build-dhgplu85/build-sGnIJVqL/entry/src/main/ets/platform/PackageExporter.ets:51:57
 Function may throw exceptions. Special handling is required.
[39m[39m
[33mWARN: [33m[33mArkTS:WARN File: /tmp/touchmap-pitch-build-dhgplu85/build-sGnIJVqL/entry/src/main/ets/platform/PackageExporter.ets:51:87
 Function may throw exceptions. Special handling is required.
[39m[39m
[33mWARN: [33m[33mArkTS:WARN File: /tmp/touchmap-pitch-build-dhgplu85/build-sGnIJVqL/entry/src/main/ets/platform/PackageExporter.ets:52:13
 Function may throw exceptions. Special handling is required.
[39m[39m
[33mWARN: [33m[33mArkTS:WARN File: /tmp/touchmap-pitch-build-dhgplu85/build-sGnIJVqL/entry/src/main/ets/platform/PackageExporter.ets:53:54
 Function may throw exceptions. Special handling is required.
[39m[39m
[33mWARN: [33m[33mArkTS:WARN File: /tmp/touchmap-pitch-build-dhgplu85/build-sGnIJVqL/entry/src/main/ets/platform/PackageExporter.ets:56:9
 Function may throw exceptions. Special handling is required.
[39m[39m
[33mWARN: [33m[33mArkTS:WARN File: /tmp/touchmap-pitch-build-dhgplu85/build-sGnIJVqL/entry/src/main/ets/platform/PackageExporter.ets:59:15
 Function may throw exceptions. Special handling is required.
[39m[39m
[33mWARN: [33m[33mArkTS:WARN File: /tmp/touchmap-pitch-build-dhgplu85/build-sGnIJVqL/entry/src/main/ets/platform/PackageExporter.ets:60:52
 Function may throw exceptions. Special handling is required.
[39m[39m
[33mWARN: [33m[33mArkTS:WARN File: /tmp/touchmap-pitch-build-dhgplu85/build-sGnIJVqL/entry/src/main/ets/platform/PackageExporter.ets:63:9
 Function may throw exceptions. Special handling is required.
[39m[39m
[33mWARN: [33m[33mArkTS:WARN File: /tmp/touchmap-pitch-build-dhgplu85/build-sGnIJVqL/entry/src/main/ets/platform/PackageExporter.ets:64:15
 Function may throw exceptions. Special handling is required.
[39m[39m
[33mWARN: [33m[33mArkTS:WARN File: /tmp/touchmap-pitch-build-dhgplu85/build-sGnIJVqL/entry/src/main/ets/platform/PackageExporter.ets:65:52
 Function may throw exceptions. Special handling is required.
[39m[39m
[33mWARN: [33m[33mArkTS:WARN File: /tmp/touchmap-pitch-build-dhgplu85/build-sGnIJVqL/entry/src/main/ets/platform/PackageExporter.ets:85:19
 Function may throw exceptions. Special handling is required.
[39m[39m
[33mWARN: [33m[33mArkTS:WARN File: /tmp/touchmap-pitch-build-dhgplu85/build-sGnIJVqL/entry/src/main/ets/platform/PackageExporter.ets:85:42
 Function may throw exceptions. Special handling is required.
[39m[39m
[33mWARN: [33m[33mArkTS:WARN File: /tmp/touchmap-pitch-build-dhgplu85/build-sGnIJVqL/entry/src/main/ets/platform/ArchiveWorker.ets:14:16
 Function may throw exceptions. Special handling is required.
[39m[39m
[33mWARN: [33m[33mArkTS:WARN File: /tmp/touchmap-pitch-build-dhgplu85/build-sGnIJVqL/entry/src/main/ets/platform/Repository.ets:42:59
 Function may throw exceptions. Special handling is required.
[39m[39m
[33mWARN: [33m[33mArkTS:WARN File: /tmp/touchmap-pitch-build-dhgplu85/build-sGnIJVqL/entry/src/main/ets/platform/Repository.ets:43:60
 Function may throw exceptions. Special handling is required.
[39m[39m
[33mWARN: [33m[33mArkTS:WARN File: /tmp/touchmap-pitch-build-dhgplu85/build-sGnIJVqL/entry/src/main/ets/platform/Repository.ets:43:60
 Function may throw exceptions. Special handling is required.
[39m[39m
[33mWARN: [33m[33mArkTS:WARN File: /tmp/touchmap-pitch-build-dhgplu85/build-sGnIJVqL/entry/src/main/ets/platform/Repository.ets:43:110
 'decodeWithStream' has been deprecated.
[39m[39m
[33mWARN: [33m[33mArkTS:WARN File: /tmp/touchmap-pitch-build-dhgplu85/build-sGnIJVqL/entry/src/main/ets/platform/Repository.ets:45:14
 Function may throw exceptions. Special handling is required.
[39m[39m
[33mWARN: [33m[33mArkTS:WARN File: /tmp/touchmap-pitch-build-dhgplu85/build-sGnIJVqL/entry/src/main/ets/platform/Repository.ets:46:9
 Function may throw exceptions. Special handling is required.
[39m[39m
[33mWARN: [33m[33mArkTS:WARN File: /tmp/touchmap-pitch-build-dhgplu85/build-sGnIJVqL/entry/src/main/ets/platform/Repository.ets:47:24
 Function may throw exceptions. Special handling is required.
[39m[39m
[33mWARN: [33m[33mArkTS:WARN File: /tmp/touchmap-pitch-build-dhgplu85/build-sGnIJVqL/entry/src/main/ets/platform/Repository.ets:51:16
 Function may throw exceptions. Special handling is required.
[39m[39m
[33mWARN: [33m[33mArkTS:WARN File: /tmp/touchmap-pitch-build-dhgplu85/build-sGnIJVqL/entry/src/main/ets/platform/Repository.ets:53:18
 Function may throw exceptions. Special handling is required.
[39m[39m
[33mWARN: [33m[33mArkTS:WARN File: /tmp/touchmap-pitch-build-dhgplu85/build-sGnIJVqL/entry/src/main/ets/platform/Repository.ets:59:19
 Function may throw exceptions. Special handling is required.
[39m[39m
[33mWARN: [33m[33mArkTS:WARN File: /tmp/touchmap-pitch-build-dhgplu85/build-sGnIJVqL/entry/src/main/ets/platform/Repository.ets:65:15
 Function may throw exceptions. Special handling is required.
[39m[39m
[33mWARN: [33m[33mArkTS:WARN File: /tmp/touchmap-pitch-build-dhgplu85/build-sGnIJVqL/entry/src/main/ets/platform/Repository.ets:69:8
 Function may throw exceptions. Special handling is required.
[39m[39m
[33mWARN: [33m[33mArkTS:WARN File: /tmp/touchmap-pitch-build-dhgplu85/build-sGnIJVqL/entry/src/main/ets/platform/Repository.ets:69:33
 Function may throw exceptions. Special handling is required.
[39m[39m
[33mWARN: [33m[33mArkTS:WARN File: /tmp/touchmap-pitch-build-dhgplu85/build-sGnIJVqL/entry/src/main/ets/platform/Repository.ets:70:16
 Function may throw exceptions. Special handling is required.
[39m[39m
[33mWARN: [33m[33mArkTS:WARN File: /tmp/touchmap-pitch-build-dhgplu85/build-sGnIJVqL/entry/src/main/ets/platform/Repository.ets:71:13
 Function may throw exceptions. Special handling is required.
[39m[39m
[33mWARN: [33m[33mArkTS:WARN File: /tmp/touchmap-pitch-build-dhgplu85/build-sGnIJVqL/entry/src/main/ets/platform/Repository.ets:71:123
 Function may throw exceptions. Special handling is required.
[39m[39m
[33mWARN: [33m[33mArkTS:WARN File: /tmp/touchmap-pitch-build-dhgplu85/build-sGnIJVqL/entry/src/main/ets/platform/Repository.ets:71:158
 Function may throw exceptions. Special handling is required.
[39m[39m
[33mWARN: [33m[33mArkTS:WARN File: /tmp/touchmap-pitch-build-dhgplu85/build-sGnIJVqL/entry/src/main/ets/platform/Repository.ets:145:21
 Function may throw exceptions. Special handling is required.
[39m[39m
[33mWARN: [33m[33mArkTS:WARN File: /tmp/touchmap-pitch-build-dhgplu85/build-sGnIJVqL/entry/src/main/ets/platform/Repository.ets:146:11
 Function may throw exceptions. Special handling is required.
[39m[39m
[33mWARN: [33m[33mArkTS:WARN File: /tmp/touchmap-pitch-build-dhgplu85/build-sGnIJVqL/entry/src/main/ets/platform/Repository.ets:147:11
 Function may throw exceptions. Special handling is required.
[39m[39m
[33mWARN: [33m[33mArkTS:WARN File: /tmp/touchmap-pitch-build-dhgplu85/build-sGnIJVqL/entry/src/main/ets/platform/Repository.ets:148:11
 Function may throw exceptions. Special handling is required.
[39m[39m
[33mWARN: [33m[33mArkTS:WARN File: /tmp/touchmap-pitch-build-dhgplu85/build-sGnIJVqL/entry/src/main/ets/platform/Repository.ets:149:24
 Function may throw exceptions. Special handling is required.
[39m[39m
[33mWARN: [33m[33mArkTS:WARN File: /tmp/touchmap-pitch-build-dhgplu85/build-sGnIJVqL/entry/src/main/ets/platform/Repository.ets:150:37
 Function may throw exceptions. Special handling is required.
[39m[39m
[33mWARN: [33m[33mArkTS:WARN File: /tmp/touchmap-pitch-build-dhgplu85/build-sGnIJVqL/entry/src/main/ets/platform/Repository.ets:159:24
 Function may throw exceptions. Special handling is required.
[39m[39m
[33mWARN: [33m[33mArkTS:WARN File: /tmp/touchmap-pitch-build-dhgplu85/build-sGnIJVqL/entry/src/main/ets/platform/Repository.ets:162:13
 Function may throw exceptions. Special handling is required.
[39m[39m
[33mWARN: [33m[33mArkTS:WARN File: /tmp/touchmap-pitch-build-dhgplu85/build-sGnIJVqL/entry/src/main/ets/platform/Repository.ets:162:13
 Function may throw exceptions. Special handling is required.
[39m[39m
[33mWARN: [33m[33mArkTS:WARN File: /tmp/touchmap-pitch-build-dhgplu85/build-sGnIJVqL/entry/src/main/ets/platform/Repository.ets:162:48
 Function may throw exceptions. Special handling is required.
[39m[39m
[33mWARN: [33m[33mArkTS:WARN File: /tmp/touchmap-pitch-build-dhgplu85/build-sGnIJVqL/entry/src/main/ets/platform/Repository.ets:166:9
 Function may throw exceptions. Special handling is required.
[39m[39m
[33mWARN: [33m[33mArkTS:WARN File: /tmp/touchmap-pitch-build-dhgplu85/build-sGnIJVqL/entry/src/main/ets/platform/Repository.ets:166:35
 Function may throw exceptions. Special handling is required.
[39m[39m
[33mWARN: [33m[33mArkTS:WARN File: /tmp/touchmap-pitch-build-dhgplu85/build-sGnIJVqL/entry/src/main/ets/platform/Repository.ets:167:5
 Function may throw exceptions. Special handling is required.
[39m[39m
[33mWARN: [33m[33mArkTS:WARN File: /tmp/touchmap-pitch-build-dhgplu85/build-sGnIJVqL/entry/src/main/ets/platform/Repository.ets:168:17
 Function may throw exceptions. Special handling is required.
[39m[39m
[33mWARN: [33m[33mArkTS:WARN File: /tmp/touchmap-pitch-build-dhgplu85/build-sGnIJVqL/entry/src/main/ets/platform/Repository.ets:170:13
 Function may throw exceptions. Special handling is required.
[39m[39m
[33mWARN: [33m[33mArkTS:WARN File: /tmp/touchmap-pitch-build-dhgplu85/build-sGnIJVqL/entry/src/main/ets/platform/Repository.ets:170:52
 Function may throw exceptions. Special handling is required.
[39m[39m
[33mWARN: [33m[33mArkTS:WARN File: /tmp/touchmap-pitch-build-dhgplu85/build-sGnIJVqL/entry/src/main/ets/platform/Repository.ets:174:9
 Function may throw exceptions. Special handling is required.
[39m[39m
[33mWARN: [33m[33mArkTS:WARN File: /tmp/touchmap-pitch-build-dhgplu85/build-sGnIJVqL/entry/src/main/ets/platform/Repository.ets:175:26
 Function may throw exceptions. Special handling is required.
[39m[39m
[33mWARN: [33m[33mArkTS:WARN File: /tmp/touchmap-pitch-build-dhgplu85/build-sGnIJVqL/entry/src/main/ets/platform/Repository.ets:177:39
 Function may throw exceptions. Special handling is required.
[39m[39m
[33mWARN: [33m[33mArkTS:WARN File: /tmp/touchmap-pitch-build-dhgplu85/build-sGnIJVqL/entry/src/main/ets/platform/Repository.ets:177:39
 Function may throw exceptions. Special handling is required.
[39m[39m
[33mWARN: [33m[33mArkTS:WARN File: /tmp/touchmap-pitch-build-dhgplu85/build-sGnIJVqL/entry/src/main/ets/platform/Repository.ets:177:74
 Function may throw exceptions. Special handling is required.
[39m[39m
[33mWARN: [33m[33mArkTS:WARN File: /tmp/touchmap-pitch-build-dhgplu85/build-sGnIJVqL/entry/src/main/ets/platform/Repository.ets:182:11
 Function may throw exceptions. Special handling is required.
[39m[39m
[33mWARN: [33m[33mArkTS:WARN File: /tmp/touchmap-pitch-build-dhgplu85/build-sGnIJVqL/entry/src/main/ets/platform/Repository.ets:182:70
 Function may throw exceptions. Special handling is required.
[39m[39m
[33mWARN: [33m[33mArkTS:WARN File: /tmp/touchmap-pitch-build-dhgplu85/build-sGnIJVqL/entry/src/main/ets/platform/Repository.ets:186:10
 Function may throw exceptions. Special handling is required.
[39m[39m
[33mWARN: [33m[33mArkTS:WARN File: /tmp/touchmap-pitch-build-dhgplu85/build-sGnIJVqL/entry/src/main/ets/platform/Repository.ets:186:33
 Function may throw exceptions. Special handling is required.
[39m[39m
[33mWARN: [33m[33mArkTS:WARN File: /tmp/touchmap-pitch-build-dhgplu85/build-sGnIJVqL/entry/src/main/ets/platform/Repository.ets:187:32
 Function may throw exceptions. Special handling is required.
[39m[39m
[33mWARN: [33m[33mArkTS:WARN File: /tmp/touchmap-pitch-build-dhgplu85/build-sGnIJVqL/entry/src/main/ets/platform/Repository.ets:190:86
 Function may throw exceptions. Special handling is required.
[39m[39m
[33mWARN: [33m[33mArkTS:WARN File: /tmp/touchmap-pitch-build-dhgplu85/build-sGnIJVqL/entry/src/main/ets/platform/Repository.ets:194:26
 Function may throw exceptions. Special handling is required.
[39m[39m
[33mWARN: [33m[33mArkTS:WARN File: /tmp/touchmap-pitch-build-dhgplu85/build-sGnIJVqL/entry/src/main/ets/platform/Repository.ets:196:18
 Function may throw exceptions. Special handling is required.
[39m[39m
[33mWARN: [33m[33mArkTS:WARN File: /tmp/touchmap-pitch-build-dhgplu85/build-sGnIJVqL/entry/src/main/ets/platform/Repository.ets:196:64
 Function may throw exceptions. Special handling is required.
[39m[39m
[33mWARN: [33m[33mArkTS:WARN File: /tmp/touchmap-pitch-build-dhgplu85/build-sGnIJVqL/entry/src/main/ets/platform/Repository.ets:196:113
 Function may throw exceptions. Special handling is required.
[39m[39m
[33mWARN: [33m[33mArkTS:WARN File: /tmp/touchmap-pitch-build-dhgplu85/build-sGnIJVqL/entry/src/main/ets/platform/Repository.ets:202:23
 Function may throw exceptions. Special handling is required.
[39m[39m
[33mWARN: [33m[33mArkTS:WARN File: /tmp/touchmap-pitch-build-dhgplu85/build-sGnIJVqL/entry/src/main/ets/platform/Repository.ets:204:11
 Function may throw exceptions. Special handling is required.
[39m[39m
[33mWARN: [33m[33mArkTS:WARN File: /tmp/touchmap-pitch-build-dhgplu85/build-sGnIJVqL/entry/src/main/ets/platform/Repository.ets:205:32
 Function may throw exceptions. Special handling is required.
[39m[39m
[33mWARN: [33m[33mArkTS:WARN File: /tmp/touchmap-pitch-build-dhgplu85/build-sGnIJVqL/entry/src/main/ets/platform/Repository.ets:212:17
 Function may throw exceptions. Special handling is required.
[39m[39m
[33mWARN: [33m[33mArkTS:WARN File: /tmp/touchmap-pitch-build-dhgplu85/build-sGnIJVqL/entry/src/main/ets/platform/Repository.ets:213:11
 Function may throw exceptions. Special handling is required.
[39m[39m
[33mWARN: [33m[33mArkTS:WARN File: /tmp/touchmap-pitch-build-dhgplu85/build-sGnIJVqL/entry/src/main/ets/platform/Repository.ets:279:110
 Function may throw exceptions. Special handling is required.
[39m[39m
[33mWARN: [33m[33mArkTS:WARN File: /tmp/touchmap-pitch-build-dhgplu85/build-sGnIJVqL/entry/src/main/ets/platform/Repository.ets:315:5
 Function may throw exceptions. Special handling is required.
[39m[39m
[33mWARN: [33m[33mArkTS:WARN File: /tmp/touchmap-pitch-build-dhgplu85/build-sGnIJVqL/entry/src/main/ets/platform/Repository.ets:323:12
 Function may throw exceptions. Special handling is required.
[39m[39m
[33mWARN: [33m[33mArkTS:WARN File: /tmp/touchmap-pitch-build-dhgplu85/build-sGnIJVqL/entry/src/main/ets/platform/Repository.ets:323:67
 Function may throw exceptions. Special handling is required.
[39m[39m
[33mWARN: [33m[33mArkTS:WARN File: /tmp/touchmap-pitch-build-dhgplu85/build-sGnIJVqL/entry/src/main/ets/platform/Repository.ets:324:7
 Function may throw exceptions. Special handling is required.
[39m[39m
[33mWARN: [33m[33mArkTS:WARN File: /tmp/touchmap-pitch-build-dhgplu85/build-sGnIJVqL/entry/src/main/ets/platform/Repository.ets:325:71
 Function may throw exceptions. Special handling is required.
[39m[39m
[33mWARN: [33m[33mArkTS:WARN File: /tmp/touchmap-pitch-build-dhgplu85/build-sGnIJVqL/entry/src/main/ets/platform/Repository.ets:326:21
 Function may throw exceptions. Special handling is required.
[39m[39m
[33mWARN: [33m[33mArkTS:WARN File: /tmp/touchmap-pitch-build-dhgplu85/build-sGnIJVqL/entry/src/main/ets/platform/Repository.ets:326:45
 Function may throw exceptions. Special handling is required.
[39m[39m
[33mWARN: [33m[33mArkTS:WARN File: /tmp/touchmap-pitch-build-dhgplu85/build-sGnIJVqL/entry/src/main/ets/platform/Repository.ets:332:12
 Function may throw exceptions. Special handling is required.
[39m[39m
[33mWARN: [33m[33mArkTS:WARN File: /tmp/touchmap-pitch-build-dhgplu85/build-sGnIJVqL/entry/src/main/ets/platform/Repository.ets:350:76
 Function may throw exceptions. Special handling is required.
[39m[39m
[33mWARN: [33m[33mArkTS:WARN File: /tmp/touchmap-pitch-build-dhgplu85/build-sGnIJVqL/entry/src/main/ets/platform/Repository.ets:381:21
 Function may throw exceptions. Special handling is required.
[39m[39m
[33mWARN: [33m[33mArkTS:WARN File: /tmp/touchmap-pitch-build-dhgplu85/build-sGnIJVqL/entry/src/main/ets/platform/Repository.ets:381:49
 Function may throw exceptions. Special handling is required.
[39m[39m
[33mWARN: [33m[33mArkTS:WARN File: /tmp/touchmap-pitch-build-dhgplu85/build-sGnIJVqL/entry/src/main/ets/platform/Repository.ets:386:77
 Function may throw exceptions. Special handling is required.
[39m[39m
[33mWARN: [33m[33mArkTS:WARN File: /tmp/touchmap-pitch-build-dhgplu85/build-sGnIJVqL/entry/src/main/ets/platform/Repository.ets:398:23
 Function may throw exceptions. Special handling is required.
[39m[39m
[33mWARN: [33m[33mArkTS:WARN File: /tmp/touchmap-pitch-build-dhgplu85/build-sGnIJVqL/entry/src/main/ets/platform/Repository.ets:399:18
 Function may throw exceptions. Special handling is required.
[39m[39m
[33mWARN: [33m[33mArkTS:WARN File: /tmp/touchmap-pitch-build-dhgplu85/build-sGnIJVqL/entry/src/main/ets/platform/Repository.ets:399:50
 Function may throw exceptions. Special handling is required.
[39m[39m
[33mWARN: [33m[33mArkTS:WARN File: /tmp/touchmap-pitch-build-dhgplu85/build-sGnIJVqL/entry/src/main/ets/platform/Repository.ets:399:129
 Function may throw exceptions. Special handling is required.
[39m[39m
[33mWARN: [33m[33mArkTS:WARN File: /tmp/touchmap-pitch-build-dhgplu85/build-sGnIJVqL/entry/src/main/ets/platform/Repository.ets:404:7
 Function may throw exceptions. Special handling is required.
[39m[39m
[33mWARN: [33m[33mArkTS:WARN File: /tmp/touchmap-pitch-build-dhgplu85/build-sGnIJVqL/entry/src/main/ets/platform/Repository.ets:415:25
 Function may throw exceptions. Special handling is required.
[39m[39m
[33mWARN: [33m[33mArkTS:WARN File: /tmp/touchmap-pitch-build-dhgplu85/build-sGnIJVqL/entry/src/main/ets/platform/Repository.ets:421:5
 Function may throw exceptions. Special handling is required.
[39m[39m
[33mWARN: [33m[33mArkTS:WARN File: /tmp/touchmap-pitch-build-dhgplu85/build-sGnIJVqL/entry/src/main/ets/platform/Repository.ets:427:23
 Function may throw exceptions. Special handling is required.
[39m[39m
[33mWARN: [33m[33mArkTS:WARN File: /tmp/touchmap-pitch-build-dhgplu85/build-sGnIJVqL/entry/src/main/ets/platform/Repository.ets:428:81
 Function may throw exceptions. Special handling is required.
[39m[39m
[33mWARN: [33m[33mArkTS:WARN File: /tmp/touchmap-pitch-build-dhgplu85/build-sGnIJVqL/entry/src/main/ets/platform/Repository.ets:428:118
 Function may throw exceptions. Special handling is required.
[39m[39m
[33mWARN: [33m[33mArkTS:WARN File: /tmp/touchmap-pitch-build-dhgplu85/build-sGnIJVqL/entry/src/main/ets/platform/Repository.ets:434:5
 Function may throw exceptions. Special handling is required.
[39m[39m
[33mWARN: [33m[33mArkTS:WARN File: /tmp/touchmap-pitch-build-dhgplu85/build-sGnIJVqL/entry/src/main/ets/platform/Repository.ets:438:23
 Function may throw exceptions. Special handling is required.
[39m[39m
[33mWARN: [33m[33mArkTS:WARN File: /tmp/touchmap-pitch-build-dhgplu85/build-sGnIJVqL/entry/src/main/ets/platform/Repository.ets:444:18
 Function may throw exceptions. Special handling is required.
[39m[39m
[33mWARN: [33m[33mArkTS:WARN File: /tmp/touchmap-pitch-build-dhgplu85/build-sGnIJVqL/entry/src/main/ets/platform/Repository.ets:445:15
 Function may throw exceptions. Special handling is required.
[39m[39m
[33mWARN: [33m[33mArkTS:WARN File: /tmp/touchmap-pitch-build-dhgplu85/build-sGnIJVqL/entry/src/main/ets/platform/Repository.ets:445:125
 Function may throw exceptions. Special handling is required.
[39m[39m
[33mWARN: [33m[33mArkTS:WARN File: /tmp/touchmap-pitch-build-dhgplu85/build-sGnIJVqL/entry/src/main/ets/platform/Repository.ets:445:160
 Function may throw exceptions. Special handling is required.
[39m[39m
[33mWARN: [33m[33mArkTS:WARN File: /tmp/touchmap-pitch-build-dhgplu85/build-sGnIJVqL/entry/src/main/ets/platform/Feedback.ets:43:5
 Function may throw exceptions. Special handling is required.
[39m[39m
[33mWARN: [33m[33mArkTS:WARN File: /tmp/touchmap-pitch-build-dhgplu85/build-sGnIJVqL/entry/src/main/ets/platform/Feedback.ets:66:5
 Function may throw exceptions. Special handling is required.
[39m[39m
[33mWARN: [33m[33mArkTS:WARN File: /tmp/touchmap-pitch-build-dhgplu85/build-sGnIJVqL/entry/src/main/ets/platform/Feedback.ets:67:5
 Function may throw exceptions. Special handling is required.
[39m[39m
[33mWARN: [33m[33mArkTS:WARN File: /tmp/touchmap-pitch-build-dhgplu85/build-sGnIJVqL/entry/src/main/ets/platform/Feedback.ets:209:32
 'write' has been deprecated.
[39m[39m
[33mWARN: [33m[33mArkTS:WARN File: /tmp/touchmap-pitch-build-dhgplu85/build-sGnIJVqL/entry/src/main/ets/entryability/EntryAbility.ets:17:64
 Function may throw exceptions. Special handling is required.
[39m[39m
[33mWARN: [33m[33mArkTS:WARN File: /tmp/touchmap-pitch-build-dhgplu85/build-sGnIJVqL/entry/src/main/ets/platform/Preparation.ets:38:30
 Function may throw exceptions. Special handling is required.
[39m[39m
[33mWARN: [33m[33mArkTS:WARN File: /tmp/touchmap-pitch-build-dhgplu85/build-sGnIJVqL/entry/src/main/ets/platform/Preparation.ets:112:35
 'packing' has been deprecated.
[39m[39m
[33mWARN: [33m[33mArkTS:WARN File: /tmp/touchmap-pitch-build-dhgplu85/build-sGnIJVqL/entry/src/main/ets/platform/Preparation.ets:118:64
 Function may throw exceptions. Special handling is required.
[39m[39m
[33mWARN: [33m[33mArkTS:WARN File: /tmp/touchmap-pitch-build-dhgplu85/build-sGnIJVqL/entry/src/main/ets/pages/Index.ets:72:40
 'getContext' has been deprecated.
[39m[39m
[39m
> hvigor [32mFinished :entry:default@CompileArkTS... after 39 s 26 ms [39m
> hvigor [32mFinished :entry:default@GeneratePkgModuleJson... after 3 ms [39m
> hvigor [32mFinished :entry:default@PackageHap... after 1 s 202 ms [39m
> hvigor [32mFinished :entry:default@SignHap... after 7 s 374 ms [39m
> hvigor [32mFinished :entry:default@CollectDebugSymbol... after 4 ms [39m
> hvigor [32mFinished :entry:assembleHap... after 1 ms [39m
> hvigor [32mBUILD SUCCESSFUL in 58 s 368 ms [39m
{
  "exitCode": 0,
  "durationMs": 71108,
  "discoveredHaps": {
    "entry": {
      "signed": [
        "/tmp/touchmap-pitch-build-dhgplu85/build-sGnIJVqL/entry/build/openharmonyApi20/outputs/default/entry-default-signed.hap"
      ],
      "unsigned": [
        "/tmp/touchmap-pitch-build-dhgplu85/build-sGnIJVqL/entry/build/openharmonyApi20/outputs/default/entry-default-unsigned.hap"
      ]
    }
  },
  "warnings": []
}
Build complete.
