10-04 00:42:12.229  INFO - Start verify-app
10-04 00:42:12.326  WARN - Missing parameter: outproof
10-04 00:42:12.354  INFO - Find Hap Signing Block success, version: 3, block count: 3
10-04 00:42:12.368  INFO - trying verify codesign block
10-04 00:42:12.600  INFO - profile type is: release
10-04 00:42:12.721  INFO - verify codesign success
10-04 00:42:12.764  INFO - +++++++++++++++++++++++++++certificate #0 +++++++++++++++++++++++++++++++
10-04 00:42:12.766  INFO - Subject: CN=OpenHarmony Application Profile Release, OU=OpenHarmony Team, O=OpenHarmony, C=CN
10-04 00:42:12.766  INFO - Issuer: CN=OpenHarmony Application CA, OU=OpenHarmony Team, O=OpenHarmony, C=CN
10-04 00:42:12.767  INFO - SerialNumber: 37a76dbe
10-04 00:42:12.767  INFO - Validity: 2021-02-02 13:21:05 ~ 2049-12-31 13:21:05
10-04 00:42:12.769  INFO - SHA256: BF:97:71:B8:91:CF:2D:F5:5B:50:BD:C7:F1:D5:83:D8:42:DC:8C:C6:8E:99:C3:81:68:0B:D6:D2:5E:7F:FF:20
10-04 00:42:12.769  INFO - Signature Algorithm: SHA384withECDSA
10-04 00:42:12.770  INFO - Key: EC, key length: 256 bits
10-04 00:42:12.777  INFO - Cert Version: V3
10-04 00:42:12.777  INFO - +++++++++++++++++++++++++++certificate #1 +++++++++++++++++++++++++++++++
10-04 00:42:12.778  INFO - Subject: CN=OpenHarmony Application Root CA, OU=OpenHarmony Team, O=OpenHarmony, C=CN
10-04 00:42:12.778  INFO - Issuer: CN=OpenHarmony Application Root CA, OU=OpenHarmony Team, O=OpenHarmony, C=CN
10-04 00:42:12.778  INFO - SerialNumber: fe1388b
10-04 00:42:12.779  INFO - Validity: 2021-02-02 13:14:18 ~ 2049-12-31 13:14:18
10-04 00:42:12.779  INFO - SHA256: 9A:ED:2A:79:92:5E:CA:05:0C:D2:BB:9D:2A:7F:69:4E:49:E5:E1:35:D2:8E:BD:CE:53:83:6D:E7:6B:50:80:ED
10-04 00:42:12.779  INFO - Signature Algorithm: SHA384withECDSA
10-04 00:42:12.779  INFO - Key: EC, key length: 384 bits
10-04 00:42:12.779  INFO - Cert Version: V3
10-04 00:42:12.779  INFO - +++++++++++++++++++++++++++certificate #2 +++++++++++++++++++++++++++++++
10-04 00:42:12.780  INFO - Subject: CN=OpenHarmony Application CA, OU=OpenHarmony Team, O=OpenHarmony, C=CN
10-04 00:42:12.780  INFO - Issuer: CN=OpenHarmony Application Root CA, OU=OpenHarmony Team, O=OpenHarmony, C=CN
10-04 00:42:12.780  INFO - SerialNumber: 1e65c03d
10-04 00:42:12.780  INFO - Validity: 2021-02-02 13:15:32 ~ 2049-12-31 13:15:32
10-04 00:42:12.780  INFO - SHA256: EE:B0:0E:63:40:1C:85:85:3F:67:7A:73:C6:F1:2C:CB:7C:53:69:2D:44:CA:F4:59:99:4B:B2:CE:5A:47:A9:4D
10-04 00:42:12.781  INFO - Signature Algorithm: SHA384withECDSA
10-04 00:42:12.781  INFO - Key: EC, key length: 384 bits
10-04 00:42:12.781  INFO - Cert Version: V3
10-04 00:42:12.781  INFO - version is: 2, number of block is: 1
10-04 00:42:12.808  INFO - Digest verify result: true, DigestAlgorithm: SHA-256
10-04 00:42:12.815  INFO - Write certificate chain success!
10-04 00:42:12.817  INFO - verify: Verify success
10-04 00:42:12.817  INFO - verify-app success
